warning: profiles for the non root package will be ignored, specify profiles at the workspace root:
package:   /home/voxelle/Projects/lucy_embedded_firmware/firmwares/arduino_mega/Cargo.toml
workspace: /home/voxelle/Projects/lucy_embedded_firmware/Cargo.toml
   Compiling proc-macro2 v1.0.107
   Compiling unicode-ident v1.0.24
   Compiling quote v1.0.47
   Compiling stable_deref_trait v1.2.1
   Compiling memchr v2.8.3
   Compiling serde_core v1.0.229
   Compiling serde v1.0.229
   Compiling regex-syntax v0.8.11
   Compiling writeable v0.6.4
   Compiling litemap v0.8.3
   Compiling thiserror v1.0.69
   Compiling icu_normalizer_data v2.3.0
   Compiling icu_properties_data v2.3.0
   Compiling utf8_iter v1.0.4
   Compiling once_cell v1.21.4
   Compiling smallvec v1.15.2
   Compiling rand_core v0.6.4
   Compiling equivalent v1.0.2
   Compiling anyhow v1.0.104
   Compiling xml-rs v0.8.29
   Compiling siphasher v1.0.3
   Compiling hashbrown v0.17.1
   Compiling rand v0.8.8
   Compiling cfg-if v1.0.4
   Compiling unicode-segmentation v1.13.3
   Compiling foldhash v0.1.5
   Compiling log v0.4.34
   Compiling phf_shared v0.11.3
   Compiling thiserror v2.0.20
   Compiling percent-encoding v2.3.2
   Compiling hashbrown v0.15.5
   Compiling roxmltree v0.20.0
   Compiling syn v1.0.109
   Compiling encoding_rs v0.8.35
   Compiling aho-corasick v1.1.5
   Compiling form_urlencoded v1.2.2
   Compiling bstr v1.13.1
   Compiling prettyplease v0.2.37
   Compiling arraydeque v0.5.1
   Compiling svd2rust v0.37.1
   Compiling convert_case v0.6.0
   Compiling indexmap v2.14.1
   Compiling phf_generator v0.11.3
   Compiling either v1.18.0
   Compiling xmltree v0.10.3
   Compiling commands v0.0.5
   Compiling normpath v1.5.1
   Compiling inflections v1.1.1
   Compiling critical-section v1.2.0
error[E0463]: can't find crate for `core`
  |
  = note: the `avr-none` target may not be installed
  = help: consider building the standard library from source with `cargo build -Zbuild-std`

   Compiling embedded-hal-bus v0.1.0
   Compiling nb v1.1.0
For more information about this error, try `rustc --explain E0463`.
error: could not compile `critical-section` (lib) due to 1 previous error
warning: build failed, waiting for other jobs to finish...
error: could not compile `nb` (lib) due to 1 previous error
